12:12:01 **** Incremental Build of configuration Debug for project CAN_Transmit ****
make -j12 all 
arm-none-eabi-gcc "../Src/main.c" -mcpu=cortex-m4 -std=gnu11 -g3 -DDEBUG -DSTM32 -DNUCLEO_F446ZE -DSTM32F4 -DSTM32F446ZETx -c -I../Inc -I"D:/Repos/STM32_BareMetalCourse_GongoraSuarez/Target/CAN_Transmit/Drivers" -O0 -ffunction-sections -fdata-sections -Wall -fstack-usage -fcyclomatic-complexity -MMD -MP -MF"Src/main.d" -MT"Src/main.o" --specs=nano.specs -mfloat-abi=hard -mthumb -o "Src/main.o"
../Src/main.c:25:4: warning: #warning "FPU is not initialized, but the project is compiling for an FPU. Please initialize the FPU before use." [-Wcpp]
   25 |   #warning "FPU is not initialized, but the project is compiling for an FPU. Please initialize the FPU before use."
      |    ^~~~~~~
arm-none-eabi-gcc -o "CAN_Transmit.elf" @"objects.list"   -mcpu=cortex-m4 -T"D:\Repos\STM32_BareMetalCourse_GongoraSuarez\Target\CAN_Transmit\STM32F446ZETX_FLASH.ld" --specs=nosys.specs -Wl,-Map="CAN_Transmit.map" -Wl,--gc-sections -static --specs=nano.specs -mfloat-abi=hard -mthumb -Wl,--start-group -lc -lm -Wl,--end-group
Finished building target: CAN_Transmit.elf
 
arm-none-eabi-size  CAN_Transmit.elf 
arm-none-eabi-objdump -h -S CAN_Transmit.elf  > "CAN_Transmit.list"
   text	   data	    bss	    dec	    hex	filename
   3112	      8	   1616	   4736	   1280	CAN_Transmit.elf
Finished building: default.size.stdout
 
Finished building: CAN_Transmit.list
 
12:12:05 **** Incremental Build of configuration Debug for project CAN_Transmit ****
make -j12 all 
arm-none-eabi-size  CAN_Transmit.elf 
   text	   data	    bss	    dec	    hex	filename
   3112	      8	   1616	   4736	   1280	CAN_Transmit.elf
Finished building: default.size.stdout
 
12:12:34 **** Incremental Build of configuration Debug for project CAN_Transmit ****
make -j12 all 
arm-none-eabi-gcc "../Src/main.c" -mcpu=cortex-m4 -std=gnu11 -g3 -DDEBUG -DSTM32 -DNUCLEO_F446ZE -DSTM32F4 -DSTM32F446ZETx -c -I../Inc -I"D:/Repos/STM32_BareMetalCourse_GongoraSuarez/Target/CAN_Transmit/Drivers" -O0 -ffunction-sections -fdata-sections -Wall -fstack-usage -fcyclomatic-complexity -MMD -MP -MF"Src/main.d" -MT"Src/main.o" --specs=nano.specs -mfloat-abi=hard -mthumb -o "Src/main.o"
../Src/main.c:25:4: warning: #warning "FPU is not initialized, but the project is compiling for an FPU. Please initialize the FPU before use." [-Wcpp]
   25 |   #warning "FPU is not initialized, but the project is compiling for an FPU. Please initialize the FPU before use."
      |    ^~~~~~~
arm-none-eabi-gcc -o "CAN_Transmit.elf" @"objects.list"   -mcpu=cortex-m4 -T"D:\Repos\STM32_BareMetalCourse_GongoraSuarez\Target\CAN_Transmit\STM32F446ZETX_FLASH.ld" --specs=nosys.specs -Wl,-Map="CAN_Transmit.map" -Wl,--gc-sections -static --specs=nano.specs -mfloat-abi=hard -mthumb -Wl,--start-group -lc -lm -Wl,--end-group
Finished building target: CAN_Transmit.elf
 
arm-none-eabi-size  CAN_Transmit.elf 
arm-none-eabi-objdump -h -S CAN_Transmit.elf  > "CAN_Transmit.list"
   text	   data	    bss	    dec	    hex	filename
   3116	      8	   1616	   4740	   1284	CAN_Transmit.elf
Finished building: default.size.stdout
 
Finished building: CAN_Transmit.list
 
12:12:43 **** Incremental Build of configuration Debug for project CAN_Transmit ****
make -j12 all 
arm-none-eabi-size  CAN_Transmit.elf 
   text	   data	    bss	    dec	    hex	filename
   3116	      8	   1616	   4740	   1284	CAN_Transmit.elf
Finished building: default.size.stdout
 
12:16:38 **** Incremental Build of configuration Debug for project CAN_Transmit ****
make -j12 all 
arm-none-eabi-gcc "../Src/main.c" -mcpu=cortex-m4 -std=gnu11 -g3 -DDEBUG -DSTM32 -DNUCLEO_F446ZE -DSTM32F4 -DSTM32F446ZETx -c -I../Inc -I"D:/Repos/STM32_BareMetalCourse_GongoraSuarez/Target/CAN_Transmit/Drivers" -O0 -ffunction-sections -fdata-sections -Wall -fstack-usage -fcyclomatic-complexity -MMD -MP -MF"Src/main.d" -MT"Src/main.o" --specs=nano.specs -mfloat-abi=hard -mthumb -o "Src/main.o"
../Src/main.c:25:4: warning: #warning "FPU is not initialized, but the project is compiling for an FPU. Please initialize the FPU before use." [-Wcpp]
   25 |   #warning "FPU is not initialized, but the project is compiling for an FPU. Please initialize the FPU before use."
      |    ^~~~~~~
arm-none-eabi-gcc -o "CAN_Transmit.elf" @"objects.list"   -mcpu=cortex-m4 -T"D:\Repos\STM32_BareMetalCourse_GongoraSuarez\Target\CAN_Transmit\STM32F446ZETX_FLASH.ld" --specs=nosys.specs -Wl,-Map="CAN_Transmit.map" -Wl,--gc-sections -static --specs=nano.specs -mfloat-abi=hard -mthumb -Wl,--start-group -lc -lm -Wl,--end-group
Finished building target: CAN_Transmit.elf
 
arm-none-eabi-size  CAN_Transmit.elf 
arm-none-eabi-objdump -h -S CAN_Transmit.elf  > "CAN_Transmit.list"
   text	   data	    bss	    dec	    hex	filename
   3112	      8	   1616	   4736	   1280	CAN_Transmit.elf
Finished building: default.size.stdout
 
Finished building: CAN_Transmit.list
 
12:17:46 **** Incremental Build of configuration Debug for project CAN_Transmit ****
make -j12 all 
arm-none-eabi-size  CAN_Transmit.elf 
   text	   data	    bss	    dec	    hex	filename
   3112	      8	   1616	   4736	   1280	CAN_Transmit.elf
Finished building: default.size.stdout
 
12:18:59 **** Incremental Build of configuration Debug for project CAN_Transmit ****
make -j12 all 
arm-none-eabi-gcc "../Src/main.c" -mcpu=cortex-m4 -std=gnu11 -g3 -DDEBUG -DSTM32 -DNUCLEO_F446ZE -DSTM32F4 -DSTM32F446ZETx -c -I../Inc -I"D:/Repos/STM32_BareMetalCourse_GongoraSuarez/Target/CAN_Transmit/Drivers" -O0 -ffunction-sections -fdata-sections -Wall -fstack-usage -fcyclomatic-complexity -MMD -MP -MF"Src/main.d" -MT"Src/main.o" --specs=nano.specs -mfloat-abi=hard -mthumb -o "Src/main.o"
../Src/main.c:25:4: warning: #warning "FPU is not initialized, but the project is compiling for an FPU. Please initialize the FPU before use." [-Wcpp]
   25 |   #warning "FPU is not initialized, but the project is compiling for an FPU. Please initialize the FPU before use."
      |    ^~~~~~~
arm-none-eabi-gcc -o "CAN_Transmit.elf" @"objects.list"   -mcpu=cortex-m4 -T"D:\Repos\STM32_BareMetalCourse_GongoraSuarez\Target\CAN_Transmit\STM32F446ZETX_FLASH.ld" --specs=nosys.specs -Wl,-Map="CAN_Transmit.map" -Wl,--gc-sections -static --specs=nano.specs -mfloat-abi=hard -mthumb -Wl,--start-group -lc -lm -Wl,--end-group
Finished building target: CAN_Transmit.elf
 
arm-none-eabi-size  CAN_Transmit.elf 
arm-none-eabi-objdump -h -S CAN_Transmit.elf  > "CAN_Transmit.list"
   text	   data	    bss	    dec	    hex	filename
   3116	      8	   1616	   4740	   1284	CAN_Transmit.elf
Finished building: default.size.stdout
 
Finished building: CAN_Transmit.list
 
12:19:41 **** Incremental Build of configuration Debug for project CAN_Transmit ****
make -j12 all 
arm-none-eabi-size  CAN_Transmit.elf 
   text	   data	    bss	    dec	    hex	filename
   3116	      8	   1616	   4740	   1284	CAN_Transmit.elf
Finished building: default.size.stdout
 
13:04:14 **** Incremental Build of configuration Debug for project CAN_Transmit ****
make -j12 all 
arm-none-eabi-size  CAN_Transmit.elf 
   text	   data	    bss	    dec	    hex	filename
   3116	      8	   1616	   4740	   1284	CAN_Transmit.elf
Finished building: default.size.stdout
 
